007 Michael Jordan Economics,82.5,85.0,88.3,86.2 Psychology,76.5,79.0,81.2,78.9
008 Ada Lovelace Mathematics,95.0,97.5,96.2,96.5 CS,92.5,94.0,93.8,93.4
009 Neil Armstrong Astronomy,89.5,91.0,90.2,90.3 Geology,84.0,86.5,83.7,84.7