001 Alice Smith Math,88.8 Physics,67.5 Literature,55.0
002 Bob Johnson Math,64.1 Chemistry,89.1
003 Charlie Brown Biology,69.7 History,64.1 Art,53.6