001 Alice Smith Math,90.0,85.5,92.3,88.0 Physics,88.0,79.5,0.0,85.0 Literature,95.0,0.0,0.0,90.0
002 Bob Johnson Math,78.0,82.5,0.0,80.0 Chemistry,85.0,89.5,91.0,90.0
003 Charlie Brown Biology,88.5,90.0,0.0,85.0 History,76.0,80.5,0.0,82.0 Art,92.0,0.0,0.0,88.0