004 Emma Watson Math,87.7 Chemistry,91.7
005 John Doe Physics,79.3 Biology,89
006 Sarah Connor History,79.6 CS,95.3