004 Emma Watson Math,85.0,88.5,90.2,87.3 Chemistry,92.5,89.0,94.1,91.5
005 John Doe Physics,78.5,82.0,75.6,80.2 Biology,88.0,91.5,87.3,89.2
006 Sarah Connor History,76.5,80.0,82.3,79.5 CS,95.0,93.5,97.2,95.3