010 Marie Curie Physics,93.5,95.0,94.2,94.3 Chemistry,89.0,91.5,90.8,90.4
011 Leonardo daVinci Art,88.5,90.0,87.3,88.6 Mathematics,92.0,94.5,93.1,93.2
012 Frida Kahlo Literature,85.5,87.0,86.2,86.5 Psychology,79.5,82.0,80.3,80.6