013 Alan Turing CS,97.3 Mathematics,95.5
014 Rosalind Franklin Biology,92.4 Chemistry,89.4
015 Isaac Newton Physics,93.4 Astronomy,88.3