013 Alan Turing CS,96.5,97.2,98.0,97.3 Mathematics,94.5,95.8,96.2,95.5
014 Rosalind Franklin Biology,92.0,93.5,91.8,92.4 Chemistry,88.5,90.0,89.3,89.6
015 Isaac Newton Physics,93.0,94.5,92.7,93.4 Astronomy,87.5,89.0,88.2,88.3